20:57:12 **** Incremental Build of configuration Debug for project STM32_7SEG ****
make -j4 all 
Building file: ../src/main.c
Invoking: MCU GCC Compiler
D:\GIT\GitHub\STM32_7SEG\STM32_7SEG\Debug
arm-none-eabi-gcc -mcpu=cortex-m3 -mthumb -mfloat-abi=soft -DSTM32 -DSTM32F1 -DSTM32F103C8Tx -DDEBUG -DSTM32F10X_MD -DUSE_STDPERIPH_DRIVER -I"D:/GIT/GitHub/STM32_7SEG/STM32_7SEG/StdPeriph_Driver/inc" -I"D:/GIT/GitHub/STM32_7SEG/STM32_7SEG/inc" -I"D:/GIT/GitHub/STM32_7SEG/STM32_7SEG/CMSIS/device" -I"D:/GIT/GitHub/STM32_7SEG/STM32_7SEG/CMSIS/core" -O0 -g3 -Wall -fmessage-length=0 -ffunction-sections -c -MMD -MP -MF"src/main.d" -MT"src/main.o" -o "src/main.o" "../src/main.c"
Finished building: ../src/main.c
 
Building target: STM32_7SEG.elf
Invoking: MCU GCC Linker
arm-none-eabi-gcc -mcpu=cortex-m3 -mthumb -mfloat-abi=soft -T"D:/GIT/GitHub/STM32_7SEG/STM32_7SEG/LinkerScript.ld" -Wl,-Map=output.map -Wl,--gc-sections -o "STM32_7SEG.elf" @"objects.list"   -lm
Finished building target: STM32_7SEG.elf
 
make --no-print-directory post-build
Generating binary and Printing size information:
arm-none-eabi-objcopy -O binary "STM32_7SEG.elf" "STM32_7SEG.bin"
arm-none-eabi-size "STM32_7SEG.elf"
   text	   data	    bss	    dec	    hex	filename
   1216	   1080	   1092	   3388	    d3c	STM32_7SEG.elf
 

20:57:14 Build Finished (took 1s.728ms)

